src/__tests__/CalibrationPanel.property.test.tsx(21,38): error TS2339: Property 'FOUR_COLOR' does not exist on type 'typeof CalibrationColorMode'.
src/__tests__/converter-api.test.ts(32,9): error TS2739: Type '{ lut_name: string; target_width_mm: number; auto_bg: true; bg_tol: number; color_mode: ColorMode.FOUR_COLOR_RYBW; modeling_mode: ModelingMode.HIGH_FIDELITY; quantize_colors: number; enable_cleanup: true; }' is missing the following properties from type 'ConvertPreviewRequest': hue_weight, chroma_gate, is_dark
src/__tests__/converter-api.test.ts(94,9): error TS2739: Type '{ lut_name: string; target_width_mm: number; auto_bg: false; bg_tol: number; color_mode: ColorMode.EIGHT_COLOR; modeling_mode: ModelingMode.PIXEL; quantize_colors: number; enable_cleanup: false; ... 15 more ...; coating_height_mm: number; }' is missing the following properties from type 'ConvertGenerateRequest': hue_weight, chroma_gate, is_dark
src/__tests__/extractor-5color.property.test.ts(78,3): error TS2741: Property 'default_palette' is missing in type '{ session_id: string; status: string; message: string; lut_download_url: string; warp_view_url: string; lut_preview_url: string; }' but required in type 'ExtractResponse'.
src/__tests__/extractor-api.property.test.ts(132,51): error TS2345: Argument of type '{ session_id: string; status: string; message: string; lut_download_url: string; warp_view_url: string; lut_preview_url: string; }' is not assignable to parameter of type 'ExtractResponse'.
  Property 'default_palette' is missing in type '{ session_id: string; status: string; message: string; lut_download_url: string; warp_view_url: string; lut_preview_url: string; }' but required in type 'ExtractResponse'.
src/__tests__/extractor-api.property.test.ts(170,24): error TS2345: Argument of type 'Arbitrary<{ session_id: string; status: "success"; message: string; lut_download_url: string; warp_view_url: string; lut_preview_url: string; }>' is not assignable to parameter of type 'Arbitrary<ExtractResponse>'.
  Property 'default_palette' is missing in type '{ session_id: string; status: "success"; message: string; lut_download_url: string; warp_view_url: string; lut_preview_url: string; }' but required in type 'ExtractResponse'.
src/__tests__/five-color-store.property.test.ts(104,11): error TS2741: Property 'source' is missing in type '{ found: true; selected_indices: number[]; result_rgb: [number, number, number]; result_hex: string; row_index: number; message: string; }' but required in type 'FiveColorQueryResponse'.
src/__tests__/five-color-store.property.test.ts(163,11): error TS2741: Property 'source' is missing in type '{ found: true; selected_indices: number[]; result_rgb: [number, number, number]; result_hex: string; row_index: number; message: string; }' but required in type 'FiveColorQueryResponse'.
src/__tests__/imageValidation.property.test.ts(98,20): error TS6133: 'originalFileType' is declared but its value is never read.
src/__tests__/regionReplaceGenerateFix.property.test.ts(81,7): error TS6133: 'globalMode' is declared but its value is never read.
src/__tests__/tab-filter.property.test.ts(43,17): error TS6133: 'otherTabWidgetIds' is declared but its value is never read.
src/api/__tests__/batchApi.property.test.ts(37,7): error TS2322: Type 'Arbitrary<{ lut_name: string; target_width_mm: number; spacer_thick: number; structure_mode: "Double-sided" | "Single-sided"; auto_bg: boolean; bg_tol: number; color_mode: "BW (Black & White)" | ... 4 more ... | "8-Color Max"; modeling_mode: "high-fidelity" | ... 1 more ... | "vector"; quantize_colors: number; enabl...' is not assignable to type 'Arbitrary<BatchConvertParams>'.
  Type '{ lut_name: string; target_width_mm: number; spacer_thick: number; structure_mode: "Double-sided" | "Single-sided"; auto_bg: boolean; bg_tol: number; color_mode: "BW (Black & White)" | ... 4 more ... | "8-Color Max"; modeling_mode: "high-fidelity" | ... 1 more ... | "vector"; quantize_colors: number; enable_cleanup:...' is missing the following properties from type 'BatchConvertParams': hue_weight, chroma_gate
src/stores/converterStore.ts(1317,68): error TS2345: Argument of type '{ lut_name: string; target_width_mm: number; auto_bg: boolean; bg_tol: number; color_mode: ColorMode; modeling_mode: ModelingMode; quantize_colors: number; enable_cleanup: boolean; ... 26 more ...; use_cached_matched_rgb: boolean; }' is not assignable to parameter of type 'ConvertGenerateRequest'.
  Property 'is_dark' is missing in type '{ lut_name: string; target_width_mm: number; auto_bg: boolean; bg_tol: number; color_mode: ColorMode; modeling_mode: ModelingMode; quantize_colors: number; enable_cleanup: boolean; ... 26 more ...; use_cached_matched_rgb: boolean; }' but required in type 'ConvertGenerateRequest'.
src/utils/cardUtils.ts(7,7): error TS6133: 'STANDARD_TOTALS' is declared but its value is never read.
